=== iperf binary ===
/usr/bin/iperf
iperf version 2.1.5 (3 December 2021) pthreads

=== existing iperf processes ===
cc       2458986  0.0  0.0   7896  3892 pts/17   S+   20:47   0:00 /bin/bash ./debug_tools/01_check_iperf_system.sh
cc       2459001  0.0  0.0   6196  1112 pts/17   S+   20:47   0:00 tee -a /home/cc/netprompt-milestone-II/debug_results/01_check_iperf_system.log

=== host port 5001 listeners ===

=== previous result file iperf errors ===
/home/cc/netprompt-milestone-II/results/milestone2_baseline_LowLatencyVideoSFC.txt:tcp connect failed: Connection timed out
/home/cc/netprompt-milestone-II/results/milestone2_congestion_ReliableRelaySFC.txt:tcp connect failed: Connection timed out
/home/cc/netprompt-milestone-II/results/p4_bmv2_results_low_latency.txt:tcp connect failed: Connection timed out
/home/cc/netprompt-milestone-II/results/multihop_relay_failure_ReliableRelaySFC.txt:tcp connect failed: Connection timed out
/home/cc/netprompt-milestone-II/results/multihop_relay_failure_ReliableRelaySFC.txt:tcp connect failed: Connection timed out
/home/cc/netprompt-milestone-II/results/multihop_relay_failure_ReliableRelaySFC.txt:tcp connect failed: Connection timed out
/home/cc/netprompt-milestone-II/results/p4_bmv2_results_congestion.txt:tcp connect failed: Connection timed out
/home/cc/netprompt-milestone-II/results/multihop_ddil_ReliableRelaySFC.txt:tcp connect failed: Connection timed out
/home/cc/netprompt-milestone-II/results/multihop_ddil_ReliableRelaySFC.txt:tcp connect failed: Connection timed out
/home/cc/netprompt-milestone-II/results/multihop_ddil_ReliableRelaySFC.txt:tcp connect failed: Connection timed out
/home/cc/netprompt-milestone-II/results/multihop_baseline_LowLatencyVideoSFC.txt:tcp connect failed: Connection timed out
/home/cc/netprompt-milestone-II/results/multihop_baseline_LowLatencyVideoSFC.txt:tcp connect failed: Connection timed out
/home/cc/netprompt-milestone-II/results/multihop_baseline_LowLatencyVideoSFC.txt:tcp connect failed: Connection timed out
/home/cc/netprompt-milestone-II/results/p4_bmv2_results_ddil.txt:tcp connect failed: Connection timed out
/home/cc/netprompt-milestone-II/results/milestone2_relay_failure_ReliableRelaySFC.txt:tcp connect failed: Connection timed out
/home/cc/netprompt-milestone-II/results/dynamic_p4_low_latency_LowLatencyVideoSFC.txt:tcp connect failed: Connection timed out
/home/cc/netprompt-milestone-II/results/dynamic_p4_baseline_BandwidthOptimizedSFC.txt:tcp connect failed: Connection timed out
/home/cc/netprompt-milestone-II/results/dynamic_p4_baseline_BandwidthOptimizedSFC.txt:tcp connect failed: Connection timed out
/home/cc/netprompt-milestone-II/results/dynamic_p4_baseline_BandwidthOptimizedSFC.txt:tcp connect failed: Connection timed out
/home/cc/netprompt-milestone-II/results/parse_milestone2_results.py:    throughput_match = re.findall(r"([\d.]+)\s+Mbits/sec", text)
/home/cc/netprompt-milestone-II/results/milestone2_ddil_ReliableRelaySFC.txt:tcp connect failed: Connection timed out
/home/cc/netprompt-milestone-II/results/multihop_low_latency_LowLatencyVideoSFC.txt:tcp connect failed: Connection timed out
/home/cc/netprompt-milestone-II/results/multihop_low_latency_LowLatencyVideoSFC.txt:tcp connect failed: Connection timed out
/home/cc/netprompt-milestone-II/results/multihop_low_latency_LowLatencyVideoSFC.txt:tcp connect failed: Connection timed out
/home/cc/netprompt-milestone-II/results/milestone2_low_latency_LowLatencyVideoSFC.txt:tcp connect failed: Connection timed out
/home/cc/netprompt-milestone-II/results/p4_bmv2_results_baseline.txt:tcp connect failed: Connection timed out
/home/cc/netprompt-milestone-II/results/dynamic_p4_battery_depletion_EnergyAwareSFC.txt:tcp connect failed: Connection timed out
/home/cc/netprompt-milestone-II/results/dynamic_p4_battery_depletion_EnergyAwareSFC.txt:tcp connect failed: Connection timed out
/home/cc/netprompt-milestone-II/results/dynamic_p4_battery_depletion_EnergyAwareSFC.txt:tcp connect failed: Connection timed out
/home/cc/netprompt-milestone-II/results/parse_and_push_final_results.py:        r"([\d.]+)\s+Mbits/sec",
/home/cc/netprompt-milestone-II/results/milestone2_battery_depletion_EnergyAwareSFC.txt:tcp connect failed: Connection timed out
/home/cc/netprompt-milestone-II/results/multihop_congestion_ReliableRelaySFC.txt:tcp connect failed: Connection timed out
/home/cc/netprompt-milestone-II/results/multihop_congestion_ReliableRelaySFC.txt:tcp connect failed: Connection timed out
/home/cc/netprompt-milestone-II/results/multihop_congestion_ReliableRelaySFC.txt:tcp connect failed: Connection timed out
/home/cc/netprompt-milestone-II/results/parse_final_milestone2_results.py:    throughput_matches = re.findall(r"([\d.]+)\s+Mbits/sec", text)
/home/cc/netprompt-milestone-II/results/dynamic_p4_congestion_ReliableRelaySFC.txt:tcp connect failed: Connection timed out
/home/cc/netprompt-milestone-II/results/dynamic_p4_congestion_ReliableRelaySFC.txt:tcp connect failed: Connection timed out
/home/cc/netprompt-milestone-II/results/dynamic_p4_congestion_ReliableRelaySFC.txt:tcp connect failed: Connection timed out
/home/cc/netprompt-milestone-II/results/parse_p4_results.py:    throughput_match = re.search(r"([\d.]+)\s+Mbits/sec", text)
