=== P4 multihop rules inspection ===

########################################################
FILE: /home/cc/netprompt-milestone-II/p4_multihop_rules/low_latency_s1_rules.txt
########################################################
--- table_add lines ---
1:table_add priority_table set_low_latency_class 10.0.0.100 =>
3:table_add forward_table forward 00:00:00:00:00:01 => 1
4:table_add forward_table forward 00:00:00:00:00:02 => 2
5:table_add forward_table forward 00:00:00:00:00:03 => 3
6:table_add forward_table forward 00:00:00:00:00:04 => 4
7:table_add forward_table forward 00:00:00:00:00:05 => 5
8:table_add forward_table forward 00:00:00:00:00:06 => 6
9:table_add forward_table forward 00:00:00:00:00:07 => 7
10:table_add forward_table forward 00:00:00:00:00:08 => 8
11:table_add forward_table forward 00:00:00:00:00:09 => 9
12:table_add forward_table forward 00:00:00:00:00:0a => 10
13:table_add forward_table forward 00:00:00:00:00:0b => 11
--- forward entries ---
3:table_add forward_table forward 00:00:00:00:00:01 => 1
4:table_add forward_table forward 00:00:00:00:00:02 => 2
5:table_add forward_table forward 00:00:00:00:00:03 => 3
6:table_add forward_table forward 00:00:00:00:00:04 => 4
7:table_add forward_table forward 00:00:00:00:00:05 => 5
8:table_add forward_table forward 00:00:00:00:00:06 => 6
9:table_add forward_table forward 00:00:00:00:00:07 => 7
10:table_add forward_table forward 00:00:00:00:00:08 => 8
11:table_add forward_table forward 00:00:00:00:00:09 => 9
12:table_add forward_table forward 00:00:00:00:00:0a => 10
13:table_add forward_table forward 00:00:00:00:00:0b => 11
--- drop entries ---
--- protocol-specific fields? ---

########################################################
FILE: /home/cc/netprompt-milestone-II/p4_multihop_rules/low_latency_s2_rules.txt
########################################################
--- table_add lines ---
1:table_add priority_table set_low_latency_class 10.0.0.100 =>
3:table_add forward_table forward 00:00:00:00:00:0b => 2
4:table_add forward_table forward 00:00:00:00:00:01 => 1
5:table_add forward_table forward 00:00:00:00:00:02 => 1
6:table_add forward_table forward 00:00:00:00:00:03 => 1
7:table_add forward_table forward 00:00:00:00:00:04 => 1
8:table_add forward_table forward 00:00:00:00:00:05 => 1
9:table_add forward_table forward 00:00:00:00:00:06 => 1
10:table_add forward_table forward 00:00:00:00:00:07 => 1
11:table_add forward_table forward 00:00:00:00:00:08 => 1
12:table_add forward_table forward 00:00:00:00:00:09 => 1
13:table_add forward_table forward 00:00:00:00:00:0a => 1
--- forward entries ---
3:table_add forward_table forward 00:00:00:00:00:0b => 2
4:table_add forward_table forward 00:00:00:00:00:01 => 1
5:table_add forward_table forward 00:00:00:00:00:02 => 1
6:table_add forward_table forward 00:00:00:00:00:03 => 1
7:table_add forward_table forward 00:00:00:00:00:04 => 1
8:table_add forward_table forward 00:00:00:00:00:05 => 1
9:table_add forward_table forward 00:00:00:00:00:06 => 1
10:table_add forward_table forward 00:00:00:00:00:07 => 1
11:table_add forward_table forward 00:00:00:00:00:08 => 1
12:table_add forward_table forward 00:00:00:00:00:09 => 1
13:table_add forward_table forward 00:00:00:00:00:0a => 1
--- drop entries ---
--- protocol-specific fields? ---

########################################################
FILE: /home/cc/netprompt-milestone-II/p4_multihop_rules/low_latency_s3_rules.txt
########################################################
--- table_add lines ---
1:table_add priority_table set_low_latency_class 10.0.0.100 =>
3:table_add forward_table forward 00:00:00:00:00:0b => 2
4:table_add forward_table forward 00:00:00:00:00:01 => 1
5:table_add forward_table forward 00:00:00:00:00:02 => 1
6:table_add forward_table forward 00:00:00:00:00:03 => 1
7:table_add forward_table forward 00:00:00:00:00:04 => 1
8:table_add forward_table forward 00:00:00:00:00:05 => 1
9:table_add forward_table forward 00:00:00:00:00:06 => 1
10:table_add forward_table forward 00:00:00:00:00:07 => 1
11:table_add forward_table forward 00:00:00:00:00:08 => 1
12:table_add forward_table forward 00:00:00:00:00:09 => 1
13:table_add forward_table forward 00:00:00:00:00:0a => 1
--- forward entries ---
3:table_add forward_table forward 00:00:00:00:00:0b => 2
4:table_add forward_table forward 00:00:00:00:00:01 => 1
5:table_add forward_table forward 00:00:00:00:00:02 => 1
6:table_add forward_table forward 00:00:00:00:00:03 => 1
7:table_add forward_table forward 00:00:00:00:00:04 => 1
8:table_add forward_table forward 00:00:00:00:00:05 => 1
9:table_add forward_table forward 00:00:00:00:00:06 => 1
10:table_add forward_table forward 00:00:00:00:00:07 => 1
11:table_add forward_table forward 00:00:00:00:00:08 => 1
12:table_add forward_table forward 00:00:00:00:00:09 => 1
13:table_add forward_table forward 00:00:00:00:00:0a => 1
--- drop entries ---
--- protocol-specific fields? ---

########################################################
FILE: /home/cc/netprompt-milestone-II/p4_multihop_rules/reliable_relay_s1_rules.txt
########################################################
--- table_add lines ---
1:table_add relay_policy_table use_backup_relay 10.0.0.100 =>
3:table_add forward_table forward 00:00:00:00:00:01 => 1
4:table_add forward_table forward 00:00:00:00:00:02 => 2
5:table_add forward_table forward 00:00:00:00:00:03 => 3
6:table_add forward_table forward 00:00:00:00:00:04 => 4
7:table_add forward_table forward 00:00:00:00:00:05 => 5
8:table_add forward_table forward 00:00:00:00:00:06 => 6
9:table_add forward_table forward 00:00:00:00:00:07 => 7
10:table_add forward_table forward 00:00:00:00:00:08 => 8
11:table_add forward_table forward 00:00:00:00:00:09 => 9
12:table_add forward_table forward 00:00:00:00:00:0a => 10
13:table_add forward_table forward 00:00:00:00:00:0b => 12
--- forward entries ---
3:table_add forward_table forward 00:00:00:00:00:01 => 1
4:table_add forward_table forward 00:00:00:00:00:02 => 2
5:table_add forward_table forward 00:00:00:00:00:03 => 3
6:table_add forward_table forward 00:00:00:00:00:04 => 4
7:table_add forward_table forward 00:00:00:00:00:05 => 5
8:table_add forward_table forward 00:00:00:00:00:06 => 6
9:table_add forward_table forward 00:00:00:00:00:07 => 7
10:table_add forward_table forward 00:00:00:00:00:08 => 8
11:table_add forward_table forward 00:00:00:00:00:09 => 9
12:table_add forward_table forward 00:00:00:00:00:0a => 10
13:table_add forward_table forward 00:00:00:00:00:0b => 12
--- drop entries ---
--- protocol-specific fields? ---

########################################################
FILE: /home/cc/netprompt-milestone-II/p4_multihop_rules/reliable_relay_s2_rules.txt
########################################################
--- table_add lines ---
1:table_add relay_policy_table mark_reliable 10.0.0.100 =>
3:table_add forward_table forward 00:00:00:00:00:0b => 2
4:table_add forward_table forward 00:00:00:00:00:01 => 1
5:table_add forward_table forward 00:00:00:00:00:02 => 1
6:table_add forward_table forward 00:00:00:00:00:03 => 1
7:table_add forward_table forward 00:00:00:00:00:04 => 1
8:table_add forward_table forward 00:00:00:00:00:05 => 1
9:table_add forward_table forward 00:00:00:00:00:06 => 1
10:table_add forward_table forward 00:00:00:00:00:07 => 1
11:table_add forward_table forward 00:00:00:00:00:08 => 1
12:table_add forward_table forward 00:00:00:00:00:09 => 1
13:table_add forward_table forward 00:00:00:00:00:0a => 1
--- forward entries ---
3:table_add forward_table forward 00:00:00:00:00:0b => 2
4:table_add forward_table forward 00:00:00:00:00:01 => 1
5:table_add forward_table forward 00:00:00:00:00:02 => 1
6:table_add forward_table forward 00:00:00:00:00:03 => 1
7:table_add forward_table forward 00:00:00:00:00:04 => 1
8:table_add forward_table forward 00:00:00:00:00:05 => 1
9:table_add forward_table forward 00:00:00:00:00:06 => 1
10:table_add forward_table forward 00:00:00:00:00:07 => 1
11:table_add forward_table forward 00:00:00:00:00:08 => 1
12:table_add forward_table forward 00:00:00:00:00:09 => 1
13:table_add forward_table forward 00:00:00:00:00:0a => 1
--- drop entries ---
--- protocol-specific fields? ---

########################################################
FILE: /home/cc/netprompt-milestone-II/p4_multihop_rules/reliable_relay_s3_rules.txt
########################################################
--- table_add lines ---
1:table_add relay_policy_table use_backup_relay 10.0.0.100 =>
3:table_add forward_table forward 00:00:00:00:00:0b => 2
4:table_add forward_table forward 00:00:00:00:00:01 => 1
5:table_add forward_table forward 00:00:00:00:00:02 => 1
6:table_add forward_table forward 00:00:00:00:00:03 => 1
7:table_add forward_table forward 00:00:00:00:00:04 => 1
8:table_add forward_table forward 00:00:00:00:00:05 => 1
9:table_add forward_table forward 00:00:00:00:00:06 => 1
10:table_add forward_table forward 00:00:00:00:00:07 => 1
11:table_add forward_table forward 00:00:00:00:00:08 => 1
12:table_add forward_table forward 00:00:00:00:00:09 => 1
13:table_add forward_table forward 00:00:00:00:00:0a => 1
--- forward entries ---
3:table_add forward_table forward 00:00:00:00:00:0b => 2
4:table_add forward_table forward 00:00:00:00:00:01 => 1
5:table_add forward_table forward 00:00:00:00:00:02 => 1
6:table_add forward_table forward 00:00:00:00:00:03 => 1
7:table_add forward_table forward 00:00:00:00:00:04 => 1
8:table_add forward_table forward 00:00:00:00:00:05 => 1
9:table_add forward_table forward 00:00:00:00:00:06 => 1
10:table_add forward_table forward 00:00:00:00:00:07 => 1
11:table_add forward_table forward 00:00:00:00:00:08 => 1
12:table_add forward_table forward 00:00:00:00:00:09 => 1
13:table_add forward_table forward 00:00:00:00:00:0a => 1
--- drop entries ---
--- protocol-specific fields? ---
