
=== install rules /home/cc/netprompt-milestone-II/p4_multihop_rules/low_latency_s1_rules.txt port 9090 stdout ===
Obtaining JSON from switch...
Done
Control utility for runtime P4 table manipulation
RuntimeCmd: Adding entry to exact match table priority_table
match key:           EXACT-0a:00:00:64
action:              set_low_latency_class
runtime data:        
Entry has been added with handle 0
RuntimeCmd: Adding entry to exact match table priority_table
match key:           EXACT-0a:00:00:64
action:              set_low_latency_class
runtime data:        
Invalid table operation (DUPLICATE_ENTRY)
RuntimeCmd: Adding entry to exact match table forward_table
match key:           EXACT-00:00:00:00:00:01
action:              forward
runtime data:        00:01
Entry has been added with handle 0
RuntimeCmd: Adding entry to exact match table forward_table
match key:           EXACT-00:00:00:00:00:02
action:              forward
runtime data:        00:02
Entry has been added with handle 1
RuntimeCmd: Adding entry to exact match table forward_table
match key:           EXACT-00:00:00:00:00:03
action:              forward
runtime data:        00:03
Entry has been added with handle 2
RuntimeCmd: Adding entry to exact match table forward_table
match key:           EXACT-00:00:00:00:00:04
action:              forward
runtime data:        00:04
Entry has been added with handle 3
RuntimeCmd: Adding entry to exact match table forward_table
match key:           EXACT-00:00:00:00:00:05
action:              forward
runtime data:        00:05
Entry has been added with handle 4
RuntimeCmd: Adding entry to exact match table forward_table
match key:           EXACT-00:00:00:00:00:06
action:              forward
runtime data:        00:06
Entry has been added with handle 5
RuntimeCmd: Adding entry to exact match table forward_table
match key:           EXACT-00:00:00:00:00:07
action:              forward
runtime data:        00:07
Entry has been added with handle 6
RuntimeCmd: Adding entry to exact match table forward_table
match key:           EXACT-00:00:00:00:00:08
action:              forward
runtime data:        00:08
Entry has been added with handle 7
RuntimeCmd: Adding entry to exact match table forward_table
match key:           EXACT-00:00:00:00:00:09
action:              forward
runtime data:        00:09
Entry has been added with handle 8
RuntimeCmd: Adding entry to exact match table forward_table
match key:           EXACT-00:00:00:00:00:0a
action:              forward
runtime data:        00:0a
Entry has been added with handle 9
RuntimeCmd: Adding entry to exact match table forward_table
match key:           EXACT-00:00:00:00:00:0b
action:              forward
runtime data:        00:0b
Entry has been added with handle 10
RuntimeCmd: 


=== install rules /home/cc/netprompt-milestone-II/p4_multihop_rules/low_latency_s1_rules.txt port 9090 stderr ===


=== install rules /home/cc/netprompt-milestone-II/p4_multihop_rules/low_latency_s2_rules.txt port 9091 stdout ===
Obtaining JSON from switch...
Done
Control utility for runtime P4 table manipulation
RuntimeCmd: Adding entry to exact match table priority_table
match key:           EXACT-0a:00:00:64
action:              set_low_latency_class
runtime data:        
Entry has been added with handle 0
RuntimeCmd: Adding entry to exact match table priority_table
match key:           EXACT-0a:00:00:64
action:              set_low_latency_class
runtime data:        
Invalid table operation (DUPLICATE_ENTRY)
RuntimeCmd: Adding entry to exact match table forward_table
match key:           EXACT-00:00:00:00:00:0b
action:              forward
runtime data:        00:02
Entry has been added with handle 0
RuntimeCmd: Adding entry to exact match table forward_table
match key:           EXACT-00:00:00:00:00:01
action:              forward
runtime data:        00:01
Entry has been added with handle 1
RuntimeCmd: Adding entry to exact match table forward_table
match key:           EXACT-00:00:00:00:00:02
action:              forward
runtime data:        00:01
Entry has been added with handle 2
RuntimeCmd: Adding entry to exact match table forward_table
match key:           EXACT-00:00:00:00:00:03
action:              forward
runtime data:        00:01
Entry has been added with handle 3
RuntimeCmd: Adding entry to exact match table forward_table
match key:           EXACT-00:00:00:00:00:04
action:              forward
runtime data:        00:01
Entry has been added with handle 4
RuntimeCmd: Adding entry to exact match table forward_table
match key:           EXACT-00:00:00:00:00:05
action:              forward
runtime data:        00:01
Entry has been added with handle 5
RuntimeCmd: Adding entry to exact match table forward_table
match key:           EXACT-00:00:00:00:00:06
action:              forward
runtime data:        00:01
Entry has been added with handle 6
RuntimeCmd: Adding entry to exact match table forward_table
match key:           EXACT-00:00:00:00:00:07
action:              forward
runtime data:        00:01
Entry has been added with handle 7
RuntimeCmd: Adding entry to exact match table forward_table
match key:           EXACT-00:00:00:00:00:08
action:              forward
runtime data:        00:01
Entry has been added with handle 8
RuntimeCmd: Adding entry to exact match table forward_table
match key:           EXACT-00:00:00:00:00:09
action:              forward
runtime data:        00:01
Entry has been added with handle 9
RuntimeCmd: Adding entry to exact match table forward_table
match key:           EXACT-00:00:00:00:00:0a
action:              forward
runtime data:        00:01
Entry has been added with handle 10
RuntimeCmd: 


=== install rules /home/cc/netprompt-milestone-II/p4_multihop_rules/low_latency_s2_rules.txt port 9091 stderr ===


=== install rules /home/cc/netprompt-milestone-II/p4_multihop_rules/low_latency_s3_rules.txt port 9092 stdout ===
Obtaining JSON from switch...
Done
Control utility for runtime P4 table manipulation
RuntimeCmd: Adding entry to exact match table priority_table
match key:           EXACT-0a:00:00:64
action:              set_low_latency_class
runtime data:        
Entry has been added with handle 0
RuntimeCmd: Adding entry to exact match table priority_table
match key:           EXACT-0a:00:00:64
action:              set_low_latency_class
runtime data:        
Invalid table operation (DUPLICATE_ENTRY)
RuntimeCmd: Adding entry to exact match table forward_table
match key:           EXACT-00:00:00:00:00:0b
action:              forward
runtime data:        00:02
Entry has been added with handle 0
RuntimeCmd: Adding entry to exact match table forward_table
match key:           EXACT-00:00:00:00:00:01
action:              forward
runtime data:        00:01
Entry has been added with handle 1
RuntimeCmd: Adding entry to exact match table forward_table
match key:           EXACT-00:00:00:00:00:02
action:              forward
runtime data:        00:01
Entry has been added with handle 2
RuntimeCmd: Adding entry to exact match table forward_table
match key:           EXACT-00:00:00:00:00:03
action:              forward
runtime data:        00:01
Entry has been added with handle 3
RuntimeCmd: Adding entry to exact match table forward_table
match key:           EXACT-00:00:00:00:00:04
action:              forward
runtime data:        00:01
Entry has been added with handle 4
RuntimeCmd: Adding entry to exact match table forward_table
match key:           EXACT-00:00:00:00:00:05
action:              forward
runtime data:        00:01
Entry has been added with handle 5
RuntimeCmd: Adding entry to exact match table forward_table
match key:           EXACT-00:00:00:00:00:06
action:              forward
runtime data:        00:01
Entry has been added with handle 6
RuntimeCmd: Adding entry to exact match table forward_table
match key:           EXACT-00:00:00:00:00:07
action:              forward
runtime data:        00:01
Entry has been added with handle 7
RuntimeCmd: Adding entry to exact match table forward_table
match key:           EXACT-00:00:00:00:00:08
action:              forward
runtime data:        00:01
Entry has been added with handle 8
RuntimeCmd: Adding entry to exact match table forward_table
match key:           EXACT-00:00:00:00:00:09
action:              forward
runtime data:        00:01
Entry has been added with handle 9
RuntimeCmd: Adding entry to exact match table forward_table
match key:           EXACT-00:00:00:00:00:0a
action:              forward
runtime data:        00:01
Entry has been added with handle 10
RuntimeCmd: 


=== install rules /home/cc/netprompt-milestone-II/p4_multihop_rules/low_latency_s3_rules.txt port 9092 stderr ===


=== interfaces d4 ===
1: lo: <LOOPBACK,UP,LOWER_UP> mtu 65536 qdisc noqueue state UNKNOWN group default qlen 1000
    link/loopback 00:00:00:00:00:00 brd 00:00:00:00:00:00
    inet 127.0.0.1/8 scope host lo
       valid_lft forever preferred_lft forever
    inet6 ::1/128 scope host 
       valid_lft forever preferred_lft forever
2: d4-eth0@if1232: <BROADCAST,MULTICAST,UP,LOWER_UP> mtu 1500 qdisc htb state UP group default qlen 1000
    link/ether 00:00:00:00:00:04 brd ff:ff:ff:ff:ff:ff link-netnsid 0
    inet 10.0.0.4/24 brd 10.0.0.255 scope global d4-eth0
       valid_lft forever preferred_lft forever
    inet6 fe80::200:ff:fe00:4/64 scope link 
       valid_lft forever preferred_lft forever


=== interfaces edge ===
1: lo: <LOOPBACK,UP,LOWER_UP> mtu 65536 qdisc noqueue state UNKNOWN group default qlen 1000
    link/loopback 00:00:00:00:00:00 brd 00:00:00:00:00:00
    inet 127.0.0.1/8 scope host lo
       valid_lft forever preferred_lft forever
    inet6 ::1/128 scope host 
       valid_lft forever preferred_lft forever
2: edge-eth0@if1243: <BROADCAST,MULTICAST,UP,LOWER_UP> mtu 1500 qdisc htb state UP group default qlen 1000
    link/ether 00:00:00:00:00:0b brd ff:ff:ff:ff:ff:ff link-netnsid 0
    inet 10.0.0.100/24 brd 10.0.0.255 scope global edge-eth0
       valid_lft forever preferred_lft forever
    inet6 fe80::200:ff:fe00:b/64 scope link 
       valid_lft forever preferred_lft forever
3: edge-eth1@if1244: <BROADCAST,MULTICAST,UP,LOWER_UP> mtu 1500 qdisc htb state UP group default qlen 1000
    link/ether 12:18:7d:48:fe:db brd ff:ff:ff:ff:ff:ff link-netnsid 0
    inet6 fe80::1018:7dff:fe48:fedb/64 scope link 
       valid_lft forever preferred_lft forever


=== route d4 ===
10.0.0.0/24 dev d4-eth0 proto kernel scope link src 10.0.0.4 


=== route edge ===
10.0.0.0/24 dev edge-eth0 proto kernel scope link src 10.0.0.100 


=== arp d4 before ===
Address                  HWtype  HWaddress           Flags Mask            Iface
10.0.0.6                 ether   00:00:00:00:00:06   CM                    d4-eth0
10.0.0.3                 ether   00:00:00:00:00:03   CM                    d4-eth0
10.0.0.9                 ether   00:00:00:00:00:09   CM                    d4-eth0
10.0.0.7                 ether   00:00:00:00:00:07   CM                    d4-eth0
10.0.0.10                ether   00:00:00:00:00:0a   CM                    d4-eth0
10.0.0.1                 ether   00:00:00:00:00:01   CM                    d4-eth0
10.0.0.100               ether   00:00:00:00:00:0b   CM                    d4-eth0
10.0.0.5                 ether   00:00:00:00:00:05   CM                    d4-eth0
10.0.0.2                 ether   00:00:00:00:00:02   CM                    d4-eth0
10.0.0.8                 ether   00:00:00:00:00:08   CM                    d4-eth0


=== arp edge before ===
Address                  HWtype  HWaddress           Flags Mask            Iface
10.0.0.10                ether   00:00:00:00:00:0a   CM                    edge-eth0
10.0.0.3                 ether   00:00:00:00:00:03   CM                    edge-eth0
10.0.0.9                 ether   00:00:00:00:00:09   CM                    edge-eth0
10.0.0.6                 ether   00:00:00:00:00:06   CM                    edge-eth0
10.0.0.5                 ether   00:00:00:00:00:05   CM                    edge-eth0
10.0.0.2                 ether   00:00:00:00:00:02   CM                    edge-eth0
10.0.0.8                 ether   00:00:00:00:00:08   CM                    edge-eth0
10.0.0.1                 ether   00:00:00:00:00:01   CM                    edge-eth0
10.0.0.4                 ether   00:00:00:00:00:04   CM                    edge-eth0
10.0.0.7                 ether   00:00:00:00:00:07   CM                    edge-eth0


=== ping d4 -> edge ===
PING 10.0.0.100 (10.0.0.100) 56(84) bytes of data.
64 bytes from 10.0.0.100: icmp_seq=1 ttl=64 time=35.3 ms
64 bytes from 10.0.0.100: icmp_seq=2 ttl=64 time=34.8 ms
64 bytes from 10.0.0.100: icmp_seq=3 ttl=64 time=34.8 ms
64 bytes from 10.0.0.100: icmp_seq=4 ttl=64 time=34.8 ms
64 bytes from 10.0.0.100: icmp_seq=5 ttl=64 time=34.8 ms

--- 10.0.0.100 ping statistics ---
5 packets transmitted, 5 received, 0% packet loss, time 4007ms
rtt min/avg/max/mdev = 34.774/34.899/35.292/0.197 ms


=== ping edge -> d4 ===
PING 10.0.0.4 (10.0.0.4) 56(84) bytes of data.
64 bytes from 10.0.0.4: icmp_seq=1 ttl=64 time=34.8 ms
64 bytes from 10.0.0.4: icmp_seq=2 ttl=64 time=34.8 ms
64 bytes from 10.0.0.4: icmp_seq=3 ttl=64 time=34.8 ms
64 bytes from 10.0.0.4: icmp_seq=4 ttl=64 time=34.8 ms
64 bytes from 10.0.0.4: icmp_seq=5 ttl=64 time=34.8 ms

--- 10.0.0.4 ping statistics ---
5 packets transmitted, 5 received, 0% packet loss, time 4007ms
rtt min/avg/max/mdev = 34.759/34.788/34.811/0.017 ms


=== arp d4 after ping ===
Address                  HWtype  HWaddress           Flags Mask            Iface
10.0.0.6                 ether   00:00:00:00:00:06   CM                    d4-eth0
10.0.0.3                 ether   00:00:00:00:00:03   CM                    d4-eth0
10.0.0.9                 ether   00:00:00:00:00:09   CM                    d4-eth0
10.0.0.7                 ether   00:00:00:00:00:07   CM                    d4-eth0
10.0.0.10                ether   00:00:00:00:00:0a   CM                    d4-eth0
10.0.0.1                 ether   00:00:00:00:00:01   CM                    d4-eth0
10.0.0.100               ether   00:00:00:00:00:0b   CM                    d4-eth0
10.0.0.5                 ether   00:00:00:00:00:05   CM                    d4-eth0
10.0.0.2                 ether   00:00:00:00:00:02   CM                    d4-eth0
10.0.0.8                 ether   00:00:00:00:00:08   CM                    d4-eth0


=== arp edge after ping ===
Address                  HWtype  HWaddress           Flags Mask            Iface
10.0.0.10                ether   00:00:00:00:00:0a   CM                    edge-eth0
10.0.0.3                 ether   00:00:00:00:00:03   CM                    edge-eth0
10.0.0.9                 ether   00:00:00:00:00:09   CM                    edge-eth0
10.0.0.6                 ether   00:00:00:00:00:06   CM                    edge-eth0
10.0.0.5                 ether   00:00:00:00:00:05   CM                    edge-eth0
10.0.0.2                 ether   00:00:00:00:00:02   CM                    edge-eth0
10.0.0.8                 ether   00:00:00:00:00:08   CM                    edge-eth0
10.0.0.1                 ether   00:00:00:00:00:01   CM                    edge-eth0
10.0.0.4                 ether   00:00:00:00:00:04   CM                    edge-eth0
10.0.0.7                 ether   00:00:00:00:00:07   CM                    edge-eth0


=== edge iperf process ===
root     2460614  0.0  0.0 154112  2136 pts/15   Sl+  20:50   0:00 iperf -s -p 5001


=== edge listen 5001 ===
LISTEN 0      4096         0.0.0.0:5001      0.0.0.0:*    users:(("iperf",pid=2460614,fd=3))


=== edge iperf server log before ===
------------------------------------------------------------
Server listening on TCP port 5001
TCP window size: 85.3 KByte (default)
------------------------------------------------------------


=== tcp check d4 -> edge ===
TCP_FAIL


=== tcp check d5 -> edge ===
TCP_FAIL


=== tcp check d6 -> edge ===
TCP_FAIL


=== iperf d4 -> edge ===
tcp connect failed: Connection timed out
------------------------------------------------------------
Client connecting to 10.0.0.100, TCP port 5001
TCP window size: -1.00 Byte (default)
------------------------------------------------------------
[  1] local 0.0.0.0 port 0 connected with 10.0.0.100 port 5001

