================================================
NetPrompt Milestone II Final Runner
================================================
Scenario: battery_depletion


Updating KG topology/path state...
Updated KG topology state for scenario: battery_depletion
Selected path: EssentialFlowsOnly
Reason: Energy-aware mode limits traffic to essential flows.
Selecting SFC from KG...
KG-selected SFC: EnergyAwareSFC
KG-selected Path: PrimaryPath
KG-selected Relay: s2
Path Reason: Primary relay s2 is active, so primary path is selected.

Running experiment...
Using single-switch dynamic SFC-P4 topology for SFC: EnergyAwareSFC
============================================
Dynamic SFC-P4 Auto Runner
============================================
Scenario: battery_depletion

Selecting SFC from Neo4j KG...
KG-selected SFC: EnergyAwareSFC

Resolving SFC to P4 JSON and rule file...
P4 JSON: /home/cc/netprompt-milestone-II/compiled_p4/energy_aware.json
Rule File: /home/cc/netprompt-milestone-II/p4_rules/energy_aware_rules.txt
Policy Type: energy_policy_table_essential_only

Cleaning Mininet...

Running dynamic SFC-P4 experiment...
Obtaining JSON from switch...
Done
Control utility for runtime P4 table manipulation
RuntimeCmd: Adding entry to exact match table energy_policy_table
match key:           EXACT-0a:00:00:04	EXACT-0a:00:00:64
action:              allow_essential
runtime data:        
Entry has been added with handle 0
RuntimeCmd: Adding entry to exact match table energy_policy_table
match key:           EXACT-0a:00:00:05	EXACT-0a:00:00:64
action:              allow_essential
runtime data:        
Entry has been added with handle 1
RuntimeCmd: Adding entry to exact match table energy_policy_table
match key:           EXACT-0a:00:00:06	EXACT-0a:00:00:64
action:              allow_essential
runtime data:        
Entry has been added with handle 2
RuntimeCmd: Adding entry to exact match table energy_policy_table
match key:           EXACT-0a:00:00:06	EXACT-0a:00:00:64
action:              allow_essential
runtime data:        
Invalid table operation (DUPLICATE_ENTRY)
RuntimeCmd: Adding entry to exact match table energy_policy_table
match key:           EXACT-0a:00:00:64	EXACT-0a:00:00:04
action:              allow_essential
runtime data:        
Entry has been added with handle 3
RuntimeCmd: Adding entry to exact match table energy_policy_table
match key:           EXACT-0a:00:00:64	EXACT-0a:00:00:05
action:              allow_essential
runtime data:        
Entry has been added with handle 4
RuntimeCmd: Adding entry to exact match table energy_policy_table
match key:           EXACT-0a:00:00:64	EXACT-0a:00:00:06
action:              allow_essential
runtime data:        
Entry has been added with handle 5
RuntimeCmd: Adding entry to exact match table energy_policy_table
match key:           EXACT-0a:00:00:64	EXACT-0a:00:00:06
action:              allow_essential
runtime data:        
Invalid table operation (DUPLICATE_ENTRY)
RuntimeCmd: Adding entry to exact match table forward_table
match key:           EXACT-00:00:00:00:00:04
action:              forward
runtime data:        00:04
Entry has been added with handle 0
RuntimeCmd: Adding entry to exact match table forward_table
match key:           EXACT-00:00:00:00:00:05
action:              forward
runtime data:        00:05
Entry has been added with handle 1
RuntimeCmd: Adding entry to exact match table forward_table
match key:           EXACT-00:00:00:00:00:06
action:              forward
runtime data:        00:06
Entry has been added with handle 2
RuntimeCmd: Adding entry to exact match table forward_table
match key:           EXACT-00:00:00:00:00:0b
action:              forward
runtime data:        00:0b
Entry has been added with handle 3
RuntimeCmd: 
======================================================================
Dynamic SFC-P4 Experiment with Queue Policy
======================================================================
Scenario: battery_depletion
Scenario Description: Low-energy drone condition
Selected SFC: EnergyAwareSFC
P4 JSON: /home/cc/netprompt-milestone-II/compiled_p4/energy_aware.json
Rule File: /home/cc/netprompt-milestone-II/p4_rules/energy_aware_rules.txt
Policy Type: energy_policy_table_essential_only
Scenario Config: {'bw': 15, 'delay': '30ms', 'loss': 2, 'description': 'Low-energy drone condition'}
======================================================================
Installing SFC-specific P4 runtime rules...
Applying SFC-specific queue policy...
Queue policy applied:
  - d4-eth0: tbf rate 5mbit burst 32kbit latency 400ms
  - d5-eth0: tbf rate 5mbit burst 32kbit latency 400ms
  - d6-eth0: tbf rate 5mbit burst 32kbit latency 400ms
Running pingall...
Running throughput test d4 -> edge...
Running throughput test d5 -> edge...
Running throughput test d6 -> edge...
Running latency test d4 -> edge...
Running latency test d5 -> edge...
Running latency test d6 -> edge...
Results saved to /home/cc/netprompt-milestone-II/results/dynamic_p4_battery_depletion_EnergyAwareSFC.txt

Dynamic SFC-P4 experiment completed.
Generated result files:
-rw-r--r-- 1 root root 6.5K Jun 12 01:35 /home/cc/netprompt-milestone-II/results/dynamic_p4_battery_depletion_EnergyAwareSFC.txt

Parsing results and pushing to Neo4j KG...
Parsing final Milestone II result files...
Parsed 9 result files.
Generated JSON: /home/cc/netprompt-milestone-II/results/final_milestone2_results_clean.json
Generated CSV: /home/cc/netprompt-milestone-II/results/final_milestone2_results_clean.csv
Pushing results to Neo4j...
Pushed final parsed results into Neo4j.
Done.
[
  {
    "experiment_type": "Dynamic SFC-P4 with Queue Policy",
    "scenario": "baseline",
    "selected_sfc": "BandwidthOptimizedSFC",
    "policy_type": "bandwidth_policy_table_bulk_marking",
    "p4_json": "/home/cc/netprompt-milestone-II/compiled_p4/bandwidth_optimized.json",
    "rule_file": "/home/cc/netprompt-milestone-II/p4_rules/bandwidth_optimized_rules.txt",
    "access_rules": "",
    "relay_rules": "",
    "backup_rules": "",
    "configured_bandwidth_mbps": 40.0,
    "configured_delay": "15ms",
    "configured_loss_percent": 1.0,
    "throughput_mbps": null,
    "rtt_min_ms": 19.407,
    "rtt_avg_ms": 19.432,
    "rtt_max_ms": 19.546,
    "rtt_mdev_ms": 0.041,
    "measured_packet_loss_percent": 10.0,
    "source_file": "dynamic_p4_baseline_BandwidthOptimizedSFC.txt"
  },
  {
    "experiment_type": "Dynamic SFC-P4 with Queue Policy",
    "scenario": "battery_depletion",
    "selected_sfc": "EnergyAwareSFC",
    "policy_type": "energy_policy_table_essential_only",
    "p4_json": "/home/cc/netprompt-milestone-II/compiled_p4/energy_aware.json",
    "rule_file": "/home/cc/netprompt-milestone-II/p4_rules/energy_aware_rules.txt",
    "access_rules": "",
    "relay_rules": "",
    "backup_rules": "",
    "configured_bandwidth_mbps": 15.0,
    "configured_delay": "30ms",
    "configured_loss_percent": 2.0,
    "throughput_mbps": 4.78,
    "rtt_min_ms": 34.41,
    "rtt_avg_ms": 34.43,
    "rtt_max_ms": 34.497,
    "rtt_mdev_ms": 0.025,
    "measured_packet_loss_percent": 10.0,
    "source_file": "dynamic_p4_battery_depletion_EnergyAwareSFC.txt"
  },
  {
    "experiment_type": "Dynamic SFC-P4 with Queue Policy",
    "scenario": "congestion",
    "selected_sfc": "ReliableRelaySFC",
    "policy_type": "relay_policy_table_backup_mode",
    "p4_json": "/home/cc/netprompt-milestone-II/compiled_p4/reliable_relay.json",
    "rule_file": "/home/cc/netprompt-milestone-II/p4_rules/reliable_relay_rules.txt",
    "access_rules": "",
    "relay_rules": "",
    "backup_rules": "",
    "configured_bandwidth_mbps": 20.0,
    "configured_delay": "25ms",
    "configured_loss_percent": 2.0,
    "throughput_mbps": null,
    "rtt_min_ms": 39.39,
    "rtt_avg_ms": 39.417,
    "rtt_max_ms": 39.51,
    "rtt_mdev_ms": 0.034,
    "measured_packet_loss_percent": 0.0,
    "source_file": "dynamic_p4_congestion_ReliableRelaySFC.txt"
  },
  {
    "experiment_type": "Dynamic SFC-P4",
    "scenario": "low_latency",
    "selected_sfc": "LowLatencyVideoSFC",
    "policy_type": "priority_table_low_latency",
    "p4_json": "/home/cc/netprompt-milestone-II/compiled_p4/low_latency.json",
    "rule_file": "/home/cc/netprompt-milestone-II/p4_rules/low_latency_rules.txt",
    "access_rules": "",
    "relay_rules": "",
    "backup_rules": "",
    "configured_bandwidth_mbps": 80.0,
    "configured_delay": "5ms",
    "configured_loss_percent": 0.0,
    "throughput_mbps": null,
    "rtt_min_ms": 14.385,
    "rtt_avg_ms": 14.406,
    "rtt_max_ms": 14.474,
    "rtt_mdev_ms": 0.026,
    "measured_packet_loss_percent": 0.0,
    "source_file": "dynamic_p4_low_latency_LowLatencyVideoSFC.txt"
  },
  {
    "experiment_type": "Multi-Hop Dynamic SFC-P4",
    "scenario": "baseline",
    "selected_sfc": "LowLatencyVideoSFC",
    "policy_type": "primary_path_low_latency",
    "p4_json": "/home/cc/netprompt-milestone-II/compiled_p4/low_latency.json",
    "rule_file": "",
    "access_rules": "/home/cc/netprompt-milestone-II/p4_multihop_rules/low_latency_s1_rules.txt",
    "relay_rules": "/home/cc/netprompt-milestone-II/p4_multihop_rules/low_latency_s2_rules.txt",
    "backup_rules": "/home/cc/netprompt-milestone-II/p4_multihop_rules/low_latency_s3_rules.txt",
    "configured_bandwidth_mbps": 40.0,
    "configured_delay": "15ms",
    "configured_loss_percent": 1.0,
    "throughput_mbps": 56.0,
    "rtt_min_ms": 39.814,
    "rtt_avg_ms": 39.835,
    "rtt_max_ms": 39.851,
    "rtt_mdev_ms": 0.015,
    "measured_packet_loss_percent": 0.0,
    "source_file": "multihop_baseline_LowLatencyVideoSFC.txt"
  },
  {
    "experiment_type": "Multi-Hop Dynamic SFC-P4",
    "scenario": "congestion",
    "selected_sfc": "ReliableRelaySFC",
    "policy_type": "backup_path_reliable_relay",
    "p4_json": "/home/cc/netprompt-milestone-II/compiled_p4/reliable_relay.json",
    "rule_file": "",
    "access_rules": "/home/cc/netprompt-milestone-II/p4_multihop_rules/reliable_relay_s1_rules.txt",
    "relay_rules": "/home/cc/netprompt-milestone-II/p4_multihop_rules/reliable_relay_s2_rules.txt",
    "backup_rules": "/home/cc/netprompt-milestone-II/p4_multihop_rules/reliable_relay_s3_rules.txt",
    "configured_bandwidth_mbps": 20.0,
    "configured_delay": "25ms",
    "configured_loss_percent": 2.0,
    "throughput_mbps": 2.33,
    "rtt_min_ms": 71.801,
    "rtt_avg_ms": 71.851,
    "rtt_max_ms": 71.912,
    "rtt_mdev_ms": 0.045,
    "measured_packet_loss_percent": 0.0,
    "source_file": "multihop_congestion_ReliableRelaySFC.txt"
  },
  {
    "experiment_type": "Multi-Hop Dynamic SFC-P4",
    "scenario": "ddil",
    "selected_sfc": "ReliableRelaySFC",
    "policy_type": "backup_path_reliable_relay",
    "p4_json": "/home/cc/netprompt-milestone-II/compiled_p4/reliable_relay.json",
    "rule_file": "",
    "access_rules": "/home/cc/netprompt-milestone-II/p4_multihop_rules/reliable_relay_s1_rules.txt",
    "relay_rules": "/home/cc/netprompt-milestone-II/p4_multihop_rules/reliable_relay_s2_rules.txt",
    "backup_rules": "/home/cc/netprompt-milestone-II/p4_multihop_rules/reliable_relay_s3_rules.txt",
    "configured_bandwidth_mbps": 5.0,
    "configured_delay": "80ms",
    "configured_loss_percent": 5.0,
    "throughput_mbps": 2.34,
    "rtt_min_ms": 126.827,
    "rtt_avg_ms": 126.864,
    "rtt_max_ms": 126.914,
    "rtt_mdev_ms": 0.036,
    "measured_packet_loss_percent": 0.0,
    "source_file": "multihop_ddil_ReliableRelaySFC.txt"
  },
  {
    "experiment_type": "Multi-Hop Dynamic SFC-P4",
    "scenario": "low_latency",
    "selected_sfc": "LowLatencyVideoSFC",
    "policy_type": "primary_path_low_latency",
    "p4_json": "/home/cc/netprompt-milestone-II/compiled_p4/low_latency.json",
    "rule_file": "",
    "access_rules": "/home/cc/netprompt-milestone-II/p4_multihop_rules/low_latency_s1_rules.txt",
    "relay_rules": "/home/cc/netprompt-milestone-II/p4_multihop_rules/low_latency_s2_rules.txt",
    "backup_rules": "/home/cc/netprompt-milestone-II/p4_multihop_rules/low_latency_s3_rules.txt",
    "configured_bandwidth_mbps": 80.0,
    "configured_delay": "5ms",
    "configured_loss_percent": 0.0,
    "throughput_mbps": 56.5,
    "rtt_min_ms": 29.709,
    "rtt_avg_ms": 29.747,
    "rtt_max_ms": 29.823,
    "rtt_mdev_ms": 0.053,
    "measured_packet_loss_percent": 0.0,
    "source_file": "multihop_low_latency_LowLatencyVideoSFC.txt"
  },
  {
    "experiment_type": "Multi-Hop Dynamic SFC-P4",
    "scenario": "relay_failure",
    "selected_sfc": "ReliableRelaySFC",
    "policy_type": "backup_path_reliable_relay",
    "p4_json": "/home/cc/netprompt-milestone-II/compiled_p4/reliable_relay.json",
    "rule_file": "",
    "access_rules": "/home/cc/netprompt-milestone-II/p4_multihop_rules/reliable_relay_s1_rules.txt",
    "relay_rules": "/home/cc/netprompt-milestone-II/p4_multihop_rules/reliable_relay_s2_rules.txt",
    "backup_rules": "/home/cc/netprompt-milestone-II/p4_multihop_rules/reliable_relay_s3_rules.txt",
    "configured_bandwidth_mbps": 30.0,
    "configured_delay": "35ms",
    "configured_loss_percent": 4.0,
    "throughput_mbps": 2.34,
    "rtt_min_ms": 67.867,
    "rtt_avg_ms": 67.904,
    "rtt_max_ms": 67.933,
    "rtt_mdev_ms": 0.027,
    "measured_packet_loss_percent": 0.0,
    "source_file": "multihop_relay_failure_ReliableRelaySFC.txt"
  }
]

================================================
NetPrompt Milestone II final pipeline completed.
Scenario: battery_depletion
SFC: EnergyAwareSFC
Results parsed and pushed to Neo4j.
================================================
